JSON parse error in content/level\preset4.json: [json.exception.parse_error.101] parse error at line 1, column 1: attempting to parse an empty input; check that your input string or stream contains the expected JSON
JSON parse error in content/level\preset5.json: [json.exception.parse_error.101] parse error at line 1, column 1: attempting to parse an empty input; check that your input string or stream contains the expected JSON
JSON parse error in content/level\preset6.json: [json.exception.parse_error.101] parse error at line 1, column 1: attempting to parse an empty input; check that your input string or stream contains the expected JSON
{"id":"cannon_turret","path":"assets/texture/towers/cannon_turret.png"}
{"id":"rifle_turret","path":"assets/texture/towers/rifle_turret.png"}
{"id":"rifle_base","path":"assets/texture/towers/rifle_base.png"}
{"id":"cannon_base","path":"assets/texture/towers/cannon_base.png"}
{"id":"power_icon","path":"assets/texture/power.png"}
{"id":"speed_icon","path":"assets/texture/speed.png"}
{"id":"area_effect_explosion","path":"assets/texture/area_effects/area_effect_explosion.png"}
{"id":"sell_icon","path":"assets/texture/sell_icon.png"}
{"id":"range_icon","path":"assets/texture/range.png"}
{"id":"prev","path":"assets/texture/prev.png"}
{"id":"heart","path":"assets/texture/heart.png"}
{"id":"ship","path":"assets/texture/map/ship.png"}
{"id":"marble","path":"assets/texture/marble.png"}
{"id":"cannon_ball","path":"assets/texture/projectiles/cannon_ball.png"}
{"id":"farm","path":"assets/texture/map/farm.png"}
{"id":"basic_enemy","path":"assets/texture/enemy/coin-Sheet.png"}
{"id":"scrap","path":"assets/texture/scrap.png"}
{"id":"tower_selection_base","path":"assets/texture/TowerSelectionPanel.png"}
{"id":"grass","path":"assets/texture/Map/grassMap.png"}
Failed to load image
    Provided path: "assets/texture/Map/grassMap.png"
    Absolute path: "D:\\University\\Programming\\Cplusplus\\Project\\CS202\\CS202-Game-Programming-Project\\assets\\texture\\Map\\grassMap.png"
Reason: Unable to open file
{"id":"south_way","path":"assets/texture/map/south.png"}
{"id":"button_base","path":"assets/texture/buttonBase.png"}
{"id":"next","path":"assets/texture/next.png"}
{"id":"movement_speed","path":"assets/texture/movement.png"}
{"id":"petroleum","path":"assets/texture/petroleum.png"}
{"id":"pixel","path":"assets/fonts/PixelGame.otf"}
{"id":"league_spartan","path":"assets/fonts/League_Spartan/static/LeagueSpartan-Regular.ttf"}
